// Jest Snapshot v1, https://goo.gl/fbAQLP

exports[`renders correctly when is bookmarked 1`] = `
<View
  style={
    Object {
      "alignSelf": "center",
      "backgroundColor": "#2F3B52",
      "borderRadius": 12,
      "elevation": 5,
      "justifyContent": "space-between",
      "marginVertical": 12,
      "paddingHorizontal": 24,
      "paddingVertical": 32,
      "shadowColor": "#000",
      "shadowOffset": Object {
        "height": 3,
        "width": 0,
      },
      "shadowOpacity": 0.29,
      "shadowRadius": 6,
      "width": 718,
    }
  }
>
  <View
    accessible={true}
    focusable={true}
    onClick={[Function]}
    onResponderGrant={[Function]}
    onResponderMove={[Function]}
    onResponderRelease={[Function]}
    onResponderTerminate={[Function]}
    onResponderTerminationRequest={[Function]}
    onStartShouldSetResponder={[Function]}
    style={
      Object {
        "opacity": 1,
        "position": "absolute",
        "right": 24,
        "top": 32,
        "zIndex": 10,
      }
    }
  >
    <Text
      allowFontScaling={false}
      style={
        Array [
          Object {
            "color": "#FFB84D",
            "fontSize": 24,
          },
          undefined,
          Object {
            "fontFamily": "Material Icons",
            "fontStyle": "normal",
            "fontWeight": "normal",
          },
          Object {},
        ]
      }
    >
      
    </Text>
  </View>
  <Text
    style={
      Object {
        "color": "#98ABC9",
        "marginRight": 8,
        "marginTop": 8,
      }
    }
  >
    Name: 
    <Text
      style={
        Object {
          "color": "#fff",
          "textTransform": "uppercase",
        }
      }
    >
      test
    </Text>
  </Text>
  <Text
    style={
      Object {
        "color": "#98ABC9",
        "marginRight": 8,
        "marginTop": 8,
      }
    }
  >
    Gender: 
    <Text
      style={
        Object {
          "color": "#fff",
          "textTransform": "uppercase",
        }
      }
    >
      test
    </Text>
  </Text>
  <View
    accessible={true}
    focusable={true}
    onClick={[Function]}
    onResponderGrant={[Function]}
    onResponderMove={[Function]}
    onResponderRelease={[Function]}
    onResponderTerminate={[Function]}
    onResponderTerminationRequest={[Function]}
    onStartShouldSetResponder={[Function]}
    style={
      Object {
        "opacity": 1,
      }
    }
  >
    <Text
      style={
        Object {
          "color": "#FF951F",
          "fontWeight": "bold",
          "marginTop": 24,
          "textTransform": "uppercase",
        }
      }
    >
      See details
    </Text>
  </View>
</View>
`;

exports[`renders correctly when isn´t bookmarked 1`] = `
<View
  style={
    Object {
      "alignSelf": "center",
      "backgroundColor": "#2F3B52",
      "borderRadius": 12,
      "elevation": 5,
      "justifyContent": "space-between",
      "marginVertical": 12,
      "paddingHorizontal": 24,
      "paddingVertical": 32,
      "shadowColor": "#000",
      "shadowOffset": Object {
        "height": 3,
        "width": 0,
      },
      "shadowOpacity": 0.29,
      "shadowRadius": 6,
      "width": 718,
    }
  }
>
  <View
    accessible={true}
    focusable={true}
    onClick={[Function]}
    onResponderGrant={[Function]}
    onResponderMove={[Function]}
    onResponderRelease={[Function]}
    onResponderTerminate={[Function]}
    onResponderTerminationRequest={[Function]}
    onStartShouldSetResponder={[Function]}
    style={
      Object {
        "opacity": 1,
        "position": "absolute",
        "right": 24,
        "top": 32,
        "zIndex": 10,
      }
    }
  >
    <Text
      allowFontScaling={false}
      style={
        Array [
          Object {
            "color": "#FFB84D",
            "fontSize": 24,
          },
          undefined,
          Object {
            "fontFamily": "Material Icons",
            "fontStyle": "normal",
            "fontWeight": "normal",
          },
          Object {},
        ]
      }
    >
      
    </Text>
  </View>
  <Text
    style={
      Object {
        "color": "#98ABC9",
        "marginRight": 8,
        "marginTop": 8,
      }
    }
  >
    Name: 
    <Text
      style={
        Object {
          "color": "#fff",
          "textTransform": "uppercase",
        }
      }
    >
      test
    </Text>
  </Text>
  <Text
    style={
      Object {
        "color": "#98ABC9",
        "marginRight": 8,
        "marginTop": 8,
      }
    }
  >
    Gender: 
    <Text
      style={
        Object {
          "color": "#fff",
          "textTransform": "uppercase",
        }
      }
    >
      test
    </Text>
  </Text>
  <View
    accessible={true}
    focusable={true}
    onClick={[Function]}
    onResponderGrant={[Function]}
    onResponderMove={[Function]}
    onResponderRelease={[Function]}
    onResponderTerminate={[Function]}
    onResponderTerminationRequest={[Function]}
    onStartShouldSetResponder={[Function]}
    style={
      Object {
        "opacity": 1,
      }
    }
  >
    <Text
      style={
        Object {
          "color": "#FF951F",
          "fontWeight": "bold",
          "marginTop": 24,
          "textTransform": "uppercase",
        }
      }
    >
      See details
    </Text>
  </View>
</View>
`;
